*****************************************************************
      SolidWorks Corporation - IGES Processor Status Report
*****************************************************************
=================================================================
Общая информация
=================================================================
Отправка кода продукта системы: R1_0029јхЛЩЖч
Получение кода продукта системы: R1_0029јхЛЩЖч
Имя файла                 : C:\Users\Administrator\Desktop\42ИэО¬Нј\1\R1_0029јхЛЩЖч.IGS
Отправка системы               : SolidWorks 2016
Версия препроцессора       : SolidWorks 2016
Дата создания файла           : 210630.183017
Дата создания модели          : 210630.183017
Единицы                        : MM
Масштаб пространства модели            : 1
Автор                       : Administrator
Организация                 : 


=================================================================
Сведения по обработке объекта
=================================================================


=================================================================
Точный анализ файла IGES:
=================================================================


=================================================================
Сводка по объектам
=================================================================
-----------------------------------------------------------------
Тип Имя                                         Количество Преобразован
---- ----                                         ----- ---------
100  Arc                                           1114      1114
102  Composite curve                               1086      1086
110  Line                                          1484      1484
120  Surface of revolution                          311       311
124  Transformation matrix                         1082      1082
126  Rational B-spline curve                       2141      2141
128  Rational B-spline surface                      133       133
142  Curve on a parametric surface                  543       543
144  Trimmed parametric surface                     444       444
308  Subfigure definition                            13        13
314  Color definition                                 4         4
408  Singular subfigure instance                     21        21
_________________________________________________________________


=================================================================
Сводка результатов
=================================================================
Тип элемента SolidWorks                Количество
-----------------------                -----
Твердотельные элементы                       0
Элементы поверхности                     0
Элементы кривой/эскиза                0
--------------------------------------------
Время начала: понедельник, Март 18, 2024 15:16:12
Время окончания: понедельник, Март 18, 2024 15:16:13
Время обработки: 0 days, 00 hours, 00 mins, 01 secs
